command1 arg1
command2 arg2
